[0.000000] (-) TimerEvent: {}
[0.000123] (-) JobUnselected: {'identifier': 'my_cpp_pkg'}
[0.000165] (-) JobUnselected: {'identifier': 'my_py_pkg'}
[0.000464] (-) JobUnselected: {'identifier': 'my_robot_interface'}
[0.000507] (my_robot_bringup) JobQueued: {'identifier': 'my_robot_bringup', 'dependencies': OrderedDict()}
[0.000535] (my_robot_bringup) JobStarted: {'identifier': 'my_robot_bringup'}
[0.006843] (my_robot_bringup) JobProgress: {'identifier': 'my_robot_bringup', 'progress': 'cmake'}
[0.006986] (my_robot_bringup) Command: {'cmd': ['/usr/bin/cmake', '/home/john/Documents/ros2_ws/src/my_robot_bringup', '-DCMAKE_INSTALL_PREFIX=/home/john/Documents/ros2_ws/install/my_robot_bringup'], 'cwd': '/home/john/Documents/ros2_ws/build/my_robot_bringup', 'env': OrderedDict([('GJS_DEBUG_TOPICS', 'JS ERROR;JS LOG'), ('LESSOPEN', '| /usr/bin/lesspipe %s'), ('USER', 'john'), ('XDG_SESSION_TYPE', 'x11'), ('SHLVL', '1'), ('LD_LIBRARY_PATH', '/usr/local/cuda/lib64:/usr/local/cuda/lib64:/home/john/Documents/ros2_ws/install/my_robot_interface/lib:/opt/ros/humble/opt/rviz_ogre_vendor/lib:/opt/ros/humble/lib/x86_64-linux-gnu:/opt/ros/humble/lib'), ('HOME', '/home/john'), ('CONDA_SHLVL', '0'), ('OLDPWD', '/home/john'), ('DESKTOP_SESSION', 'ubuntu'), ('GIO_LAUNCHED_DESKTOP_FILE', '/usr/share/applications/terminator.desktop'), ('ROS_PYTHON_VERSION', '3'), ('GNOME_SHELL_SESSION_MODE', 'ubuntu'), ('GTK_MODULES', 'gail:atk-bridge'), ('MANAGERPID', '2526'), ('SYSTEMD_EXEC_PID', '2938'), ('DBUS_SESSION_BUS_ADDRESS', 'unix:path=/run/user/1000/bus'), ('COLORTERM', 'truecolor'), ('_CE_M', ''), ('TERMINATOR_DBUS_NAME', 'net.tenshu.Terminator23558193cd9818af7fe4d2c2f5bd9d00f'), ('GIO_LAUNCHED_DESKTOP_FILE_PID', '5449'), ('COLCON_PREFIX_PATH', '/home/john/Documents/ros2_ws/install'), ('ROS_DISTRO', 'humble'), ('GTK_IM_MODULE', 'ibus'), ('LOGNAME', 'john'), ('JOURNAL_STREAM', '8:45581'), ('_', '/usr/bin/colcon'), ('ROS_VERSION', '2'), ('XDG_SESSION_CLASS', 'user'), ('USERNAME', 'john'), ('TERM', 'xterm-256color'), ('GNOME_DESKTOP_SESSION_ID', 'this-is-deprecated'), ('_CE_CONDA', ''), ('ROS_LOCALHOST_ONLY', '0'), ('WINDOWPATH', '2'), ('PATH', '/usr/local/cuda/bin:/usr/local/cuda/bin:/opt/ros/humble/bin:/home/john/anaconda3/condabin:/usr/local/sbin:/usr/local/bin:/usr/sbin:/usr/bin:/sbin:/bin:/usr/games:/usr/local/games:/snap/bin:/snap/bin'), ('SESSION_MANAGER', 'local/john:@/tmp/.ICE-unix/2915,unix/john:/tmp/.ICE-unix/2915'), ('INVOCATION_ID', 'a2d971849595421bbe63b7bef4b17691'), ('XDG_MENU_PREFIX', 'gnome-'), ('XDG_RUNTIME_DIR', '/run/user/1000'), ('DISPLAY', ':1'), ('TERMINATOR_DBUS_PATH', '/net/tenshu/Terminator2'), ('LANG', 'en_US.UTF-8'), ('XDG_CURRENT_DESKTOP', 'ubuntu:GNOME'), ('IBUS_DISABLE_SNOOPER', '1'), ('XMODIFIERS', '@im=ibus'), ('XDG_SESSION_DESKTOP', 'ubuntu'), ('XAUTHORITY', '/run/user/1000/gdm/Xauthority'), ('LS_COLORS', 'rs=0:di=01;34:ln=01;36:mh=00:pi=40;33:so=01;35:do=01;35:bd=40;33;01:cd=40;33;01:or=40;31;01:mi=00:su=37;41:sg=30;43:ca=30;41:tw=30;42:ow=34;42:st=37;44:ex=01;32:*.tar=01;31:*.tgz=01;31:*.arc=01;31:*.arj=01;31:*.taz=01;31:*.lha=01;31:*.lz4=01;31:*.lzh=01;31:*.lzma=01;31:*.tlz=01;31:*.txz=01;31:*.tzo=01;31:*.t7z=01;31:*.zip=01;31:*.z=01;31:*.dz=01;31:*.gz=01;31:*.lrz=01;31:*.lz=01;31:*.lzo=01;31:*.xz=01;31:*.zst=01;31:*.tzst=01;31:*.bz2=01;31:*.bz=01;31:*.tbz=01;31:*.tbz2=01;31:*.tz=01;31:*.deb=01;31:*.rpm=01;31:*.jar=01;31:*.war=01;31:*.ear=01;31:*.sar=01;31:*.rar=01;31:*.alz=01;31:*.ace=01;31:*.zoo=01;31:*.cpio=01;31:*.7z=01;31:*.rz=01;31:*.cab=01;31:*.wim=01;31:*.swm=01;31:*.dwm=01;31:*.esd=01;31:*.jpg=01;35:*.jpeg=01;35:*.mjpg=01;35:*.mjpeg=01;35:*.gif=01;35:*.bmp=01;35:*.pbm=01;35:*.pgm=01;35:*.ppm=01;35:*.tga=01;35:*.xbm=01;35:*.xpm=01;35:*.tif=01;35:*.tiff=01;35:*.png=01;35:*.svg=01;35:*.svgz=01;35:*.mng=01;35:*.pcx=01;35:*.mov=01;35:*.mpg=01;35:*.mpeg=01;35:*.m2v=01;35:*.mkv=01;35:*.webm=01;35:*.webp=01;35:*.ogm=01;35:*.mp4=01;35:*.m4v=01;35:*.mp4v=01;35:*.vob=01;35:*.qt=01;35:*.nuv=01;35:*.wmv=01;35:*.asf=01;35:*.rm=01;35:*.rmvb=01;35:*.flc=01;35:*.avi=01;35:*.fli=01;35:*.flv=01;35:*.gl=01;35:*.dl=01;35:*.xcf=01;35:*.xwd=01;35:*.yuv=01;35:*.cgm=01;35:*.emf=01;35:*.ogv=01;35:*.ogx=01;35:*.aac=00;36:*.au=00;36:*.flac=00;36:*.m4a=00;36:*.mid=00;36:*.midi=00;36:*.mka=00;36:*.mp3=00;36:*.mpc=00;36:*.ogg=00;36:*.ra=00;36:*.wav=00;36:*.oga=00;36:*.opus=00;36:*.spx=00;36:*.xspf=00;36:'), ('SSH_AGENT_LAUNCHER', 'gnome-keyring'), ('SSH_AUTH_SOCK', '/run/user/1000/keyring/ssh'), ('AMENT_PREFIX_PATH', '/home/john/Documents/ros2_ws/install/my_py_pkg:/home/john/Documents/ros2_ws/install/my_robot_interface:/home/john/Documents/ros2_ws/install/my_cpp_pkg:/opt/ros/humble'), ('CONDA_PYTHON_EXE', '/home/john/anaconda3/bin/python'), ('SHELL', '/bin/bash'), ('TERMINATOR_UUID', 'urn:uuid:e1bfd76f-c418-40e6-8c96-840e85dcea6b'), ('QT_ACCESSIBILITY', '1'), ('GDMSESSION', 'ubuntu'), ('LESSCLOSE', '/usr/bin/lesspipe %s %s'), ('GPG_AGENT_INFO', '/run/user/1000/gnupg/S.gpg-agent:0:1'), ('GJS_DEBUG_OUTPUT', 'stderr'), ('QT_IM_MODULE', 'ibus'), ('PWD', '/home/john/Documents/ros2_ws/build/my_robot_bringup'), ('LC_ALL', 'en_US.UTF-8'), ('XDG_CONFIG_DIRS', '/etc/xdg/xdg-ubuntu:/etc/xdg'), ('CONDA_EXE', '/home/john/anaconda3/bin/conda'), ('XDG_DATA_DIRS', '/usr/share/ubuntu:/usr/share/gnome:/usr/local/share/:/usr/share/:/var/lib/snapd/desktop'), ('PYTHONPATH', '/home/john/Documents/ros2_ws/build/my_py_pkg:/home/john/Documents/ros2_ws/install/my_py_pkg/lib/python3.10/site-packages:/home/john/Documents/ros2_ws/install/my_robot_interface/local/lib/python3.10/dist-packages:/opt/ros/humble/lib/python3.10/site-packages:/opt/ros/humble/local/lib/python3.10/dist-packages'), ('COLCON', '1'), ('VTE_VERSION', '6800'), ('CMAKE_PREFIX_PATH', '/home/john/Documents/ros2_ws/install/my_robot_interface:/home/john/Documents/ros2_ws/install/my_cpp_pkg')]), 'shell': False}
[0.039497] (my_robot_bringup) StdoutLine: {'line': b'-- The C compiler identification is GNU 11.4.0\n'}
[0.082286] (my_robot_bringup) StdoutLine: {'line': b'-- The CXX compiler identification is GNU 11.4.0\n'}
[0.086718] (my_robot_bringup) StdoutLine: {'line': b'-- Detecting C compiler ABI info\n'}
[0.099952] (-) TimerEvent: {}
[0.156251] (my_robot_bringup) StdoutLine: {'line': b'-- Detecting C compiler ABI info - done\n'}
[0.160426] (my_robot_bringup) StdoutLine: {'line': b'-- Check for working C compiler: /usr/bin/cc - skipped\n'}
[0.160518] (my_robot_bringup) StdoutLine: {'line': b'-- Detecting C compile features\n'}
[0.160753] (my_robot_bringup) StdoutLine: {'line': b'-- Detecting C compile features - done\n'}
[0.162597] (my_robot_bringup) StdoutLine: {'line': b'-- Detecting CXX compiler ABI info\n'}
[0.200153] (-) TimerEvent: {}
[0.208231] (my_robot_bringup) StdoutLine: {'line': b'-- Detecting CXX compiler ABI info - done\n'}
[0.212749] (my_robot_bringup) StdoutLine: {'line': b'-- Check for working CXX compiler: /usr/bin/c++ - skipped\n'}
[0.212839] (my_robot_bringup) StdoutLine: {'line': b'-- Detecting CXX compile features\n'}
[0.213151] (my_robot_bringup) StdoutLine: {'line': b'-- Detecting CXX compile features - done\n'}
[0.214508] (my_robot_bringup) StdoutLine: {'line': b'-- Found ament_cmake: 1.3.5 (/opt/ros/humble/share/ament_cmake/cmake)\n'}
[0.300231] (-) TimerEvent: {}
[0.316828] (my_robot_bringup) StdoutLine: {'line': b'-- Found Python3: /usr/bin/python3.10 (found version "3.10.12") found components: Interpreter \n'}
[0.399084] (my_robot_bringup) StderrLine: {'line': b"Error parsing '/home/john/Documents/ros2_ws/src/my_robot_bringup/package.xml':\n"}
[0.400341] (-) TimerEvent: {}
[0.427658] (my_robot_bringup) StderrLine: {'line': b'Traceback (most recent call last):\n'}
[0.427946] (my_robot_bringup) StderrLine: {'line': b'  File "/usr/lib/python3/dist-packages/catkin_pkg/package.py", line 610, in parse_package_string\n'}
[0.428027] (my_robot_bringup) StderrLine: {'line': b'    root = dom.parseString(data)\n'}
[0.428096] (my_robot_bringup) StderrLine: {'line': b'  File "/usr/lib/python3.10/xml/dom/minidom.py", line 2000, in parseString\n'}
[0.428164] (my_robot_bringup) StderrLine: {'line': b'    return expatbuilder.parseString(string)\n'}
[0.428232] (my_robot_bringup) StderrLine: {'line': b'  File "/usr/lib/python3.10/xml/dom/expatbuilder.py", line 925, in parseString\n'}
[0.428311] (my_robot_bringup) StderrLine: {'line': b'    return builder.parseString(string)\n'}
[0.428380] (my_robot_bringup) StderrLine: {'line': b'  File "/usr/lib/python3.10/xml/dom/expatbuilder.py", line 223, in parseString\n'}
[0.428451] (my_robot_bringup) StderrLine: {'line': b'    parser.Parse(string, True)\n'}
[0.428520] (my_robot_bringup) StderrLine: {'line': b'xml.parsers.expat.ExpatError: mismatched tag: line 20, column 2\n'}
[0.428590] (my_robot_bringup) StderrLine: {'line': b'\n'}
[0.428659] (my_robot_bringup) StderrLine: {'line': b'During handling of the above exception, another exception occurred:\n'}
[0.428726] (my_robot_bringup) StderrLine: {'line': b'\n'}
[0.428797] (my_robot_bringup) StderrLine: {'line': b'Traceback (most recent call last):\n'}
[0.428867] (my_robot_bringup) StderrLine: {'line': b'  File "/opt/ros/humble/share/ament_cmake_core/cmake/core/package_xml_2_cmake.py", line 150, in <module>\n'}
[0.428936] (my_robot_bringup) StderrLine: {'line': b'    main()\n'}
[0.429007] (my_robot_bringup) StderrLine: {'line': b'  File "/opt/ros/humble/share/ament_cmake_core/cmake/core/package_xml_2_cmake.py", line 53, in main\n'}
[0.429076] (my_robot_bringup) StderrLine: {'line': b'    raise e\n'}
[0.429144] (my_robot_bringup) StderrLine: {'line': b'  File "/opt/ros/humble/share/ament_cmake_core/cmake/core/package_xml_2_cmake.py", line 49, in main\n'}
[0.429214] (my_robot_bringup) StderrLine: {'line': b'    package = parse_package_string(\n'}
[0.429286] (my_robot_bringup) StderrLine: {'line': b'  File "/usr/lib/python3/dist-packages/catkin_pkg/package.py", line 612, in parse_package_string\n'}
[0.429359] (my_robot_bringup) StderrLine: {'line': b"    raise InvalidPackage('The manifest contains invalid XML:\\n%s' % ex, filename)\n"}
[0.429432] (my_robot_bringup) StderrLine: {'line': b"catkin_pkg.package.InvalidPackage: Error(s) in package '/home/john/Documents/ros2_ws/src/my_robot_bringup/package.xml':\n"}
[0.429503] (my_robot_bringup) StderrLine: {'line': b'The manifest contains invalid XML:\n'}
[0.429573] (my_robot_bringup) StderrLine: {'line': b'mismatched tag: line 20, column 2\n'}
[0.437644] (my_robot_bringup) StderrLine: {'line': b'\x1b[31mCMake Error at /opt/ros/humble/share/ament_cmake_core/cmake/core/ament_package_xml.cmake:95 (message):\n'}
[0.437843] (my_robot_bringup) StderrLine: {'line': b'  execute_process(/usr/bin/python3.10\n'}
[0.437924] (my_robot_bringup) StderrLine: {'line': b'  /opt/ros/humble/share/ament_cmake_core/cmake/core/package_xml_2_cmake.py\n'}
[0.438094] (my_robot_bringup) StderrLine: {'line': b'  /home/john/Documents/ros2_ws/src/my_robot_bringup/package.xml\n'}
[0.438173] (my_robot_bringup) StderrLine: {'line': b'  /home/john/Documents/ros2_ws/build/my_robot_bringup/ament_cmake_core/package.cmake)\n'}
[0.438244] (my_robot_bringup) StderrLine: {'line': b'  returned error code 1\n'}
[0.438313] (my_robot_bringup) StderrLine: {'line': b'Call Stack (most recent call first):\n'}
[0.438382] (my_robot_bringup) StderrLine: {'line': b'  /opt/ros/humble/share/ament_cmake_core/cmake/core/ament_package_xml.cmake:49 (_ament_package_xml)\n'}
[0.438450] (my_robot_bringup) StderrLine: {'line': b'  /opt/ros/humble/share/ament_cmake_core/cmake/core/ament_package.cmake:63 (ament_package_xml)\n'}
[0.438516] (my_robot_bringup) StderrLine: {'line': b'  CMakeLists.txt:16 (ament_package)\n'}
[0.438582] (my_robot_bringup) StderrLine: {'line': b'\n'}
[0.438648] (my_robot_bringup) StderrLine: {'line': b'\x1b[0m\n'}
[0.438713] (my_robot_bringup) StdoutLine: {'line': b'-- Configuring incomplete, errors occurred!\n'}
[0.438786] (my_robot_bringup) StdoutLine: {'line': b'See also "/home/john/Documents/ros2_ws/build/my_robot_bringup/CMakeFiles/CMakeOutput.log".\n'}
[0.441021] (my_robot_bringup) CommandEnded: {'returncode': 1}
[0.441634] (my_robot_bringup) JobEnded: {'identifier': 'my_robot_bringup', 'rc': 1}
[0.452111] (-) EventReactorShutdown: {}
