[0.007s] Invoking command in '/home/john/Documents/ros2_ws/build/my_robot_bringup': /usr/bin/cmake /home/john/Documents/ros2_ws/src/my_robot_bringup -DCMAKE_INSTALL_PREFIX=/home/john/Documents/ros2_ws/install/my_robot_bringup
[0.038s] -- The C compiler identification is GNU 11.4.0
[0.081s] -- The CXX compiler identification is GNU 11.4.0
[0.086s] -- Detecting C compiler ABI info
[0.155s] -- Detecting C compiler ABI info - done
[0.159s] -- Check for working C compiler: /usr/bin/cc - skipped
[0.159s] -- Detecting C compile features
[0.160s] -- Detecting C compile features - done
[0.161s] -- Detecting CXX compiler ABI info
[0.207s] -- Detecting CXX compiler ABI info - done
[0.212s] -- Check for working CXX compiler: /usr/bin/c++ - skipped
[0.212s] -- Detecting CXX compile features
[0.212s] -- Detecting CXX compile features - done
[0.213s] -- Found ament_cmake: 1.3.5 (/opt/ros/humble/share/ament_cmake/cmake)
[0.316s] -- Found Python3: /usr/bin/python3.10 (found version "3.10.12") found components: Interpreter 
[0.398s] Error parsing '/home/john/Documents/ros2_ws/src/my_robot_bringup/package.xml':
[0.427s] Traceback (most recent call last):
[0.427s]   File "/usr/lib/python3/dist-packages/catkin_pkg/package.py", line 610, in parse_package_string
[0.427s]     root = dom.parseString(data)
[0.427s]   File "/usr/lib/python3.10/xml/dom/minidom.py", line 2000, in parseString
[0.427s]     return expatbuilder.parseString(string)
[0.427s]   File "/usr/lib/python3.10/xml/dom/expatbuilder.py", line 925, in parseString
[0.427s]     return builder.parseString(string)
[0.427s]   File "/usr/lib/python3.10/xml/dom/expatbuilder.py", line 223, in parseString
[0.427s]     parser.Parse(string, True)
[0.427s] xml.parsers.expat.ExpatError: mismatched tag: line 20, column 2
[0.427s] 
[0.428s] During handling of the above exception, another exception occurred:
[0.428s] 
[0.428s] Traceback (most recent call last):
[0.428s]   File "/opt/ros/humble/share/ament_cmake_core/cmake/core/package_xml_2_cmake.py", line 150, in <module>
[0.428s]     main()
[0.428s]   File "/opt/ros/humble/share/ament_cmake_core/cmake/core/package_xml_2_cmake.py", line 53, in main
[0.428s]     raise e
[0.428s]   File "/opt/ros/humble/share/ament_cmake_core/cmake/core/package_xml_2_cmake.py", line 49, in main
[0.428s]     package = parse_package_string(
[0.428s]   File "/usr/lib/python3/dist-packages/catkin_pkg/package.py", line 612, in parse_package_string
[0.428s]     raise InvalidPackage('The manifest contains invalid XML:\n%s' % ex, filename)
[0.428s] catkin_pkg.package.InvalidPackage: Error(s) in package '/home/john/Documents/ros2_ws/src/my_robot_bringup/package.xml':
[0.428s] The manifest contains invalid XML:
[0.428s] mismatched tag: line 20, column 2
[0.437s] [31mCMake Error at /opt/ros/humble/share/ament_cmake_core/cmake/core/ament_package_xml.cmake:95 (message):
[0.437s]   execute_process(/usr/bin/python3.10
[0.437s]   /opt/ros/humble/share/ament_cmake_core/cmake/core/package_xml_2_cmake.py
[0.437s]   /home/john/Documents/ros2_ws/src/my_robot_bringup/package.xml
[0.437s]   /home/john/Documents/ros2_ws/build/my_robot_bringup/ament_cmake_core/package.cmake)
[0.437s]   returned error code 1
[0.437s] Call Stack (most recent call first):
[0.437s]   /opt/ros/humble/share/ament_cmake_core/cmake/core/ament_package_xml.cmake:49 (_ament_package_xml)
[0.437s]   /opt/ros/humble/share/ament_cmake_core/cmake/core/ament_package.cmake:63 (ament_package_xml)
[0.437s]   CMakeLists.txt:16 (ament_package)
[0.437s] 
[0.438s] [0m
[0.438s] -- Configuring incomplete, errors occurred!
[0.438s] See also "/home/john/Documents/ros2_ws/build/my_robot_bringup/CMakeFiles/CMakeOutput.log".
[0.440s] Invoked command in '/home/john/Documents/ros2_ws/build/my_robot_bringup' returned '1': /usr/bin/cmake /home/john/Documents/ros2_ws/src/my_robot_bringup -DCMAKE_INSTALL_PREFIX=/home/john/Documents/ros2_ws/install/my_robot_bringup
